2025-05-04 20:52:00 | INFO | repo=pv243-a4m36jee-2016-infinispan-seminar-autumn | action=commit
2025-01-15 14:40:00 | DEBUG | repo=pv243-a4m36jee-2016-infinispan-seminar-autumn | action=commit
2025-07-20 15:21:00 | DEBUG | repo=pv243-a4m36jee-2016-infinispan-seminar-autumn | action=commit
2025-08-06 17:32:00 | WARN | repo=pv243-a4m36jee-2016-infinispan-seminar-autumn | action=edit | files=4
2025-05-17 11:06:00 | INFO | repo=pv243-a4m36jee-2016-infinispan-seminar-autumn | action=pull
2025-03-10 08:45:00 | INFO | repo=pv243-a4m36jee-2016-infinispan-seminar-autumn | action=commit
2025-04-01 07:05:00 | INFO | repo=pv243-a4m36jee-2016-infinispan-seminar-autumn | action=pull
2025-03-07 13:13:00 | WARN | repo=pv243-a4m36jee-2016-infinispan-seminar-autumn | action=commit
2025-02-26 09:39:00 | WARN | repo=pv243-a4m36jee-2016-infinispan-seminar-autumn | action=commit
2025-02-09 07:06:00 | DEBUG | repo=pv243-a4m36jee-2016-infinispan-seminar-autumn | action=commit
2025-04-26 20:54:00 | WARN | repo=pv243-a4m36jee-2016-infinispan-seminar-autumn | action=commit
2025-11-08 07:16:00 | WARN | repo=pv243-a4m36jee-2016-infinispan-seminar-autumn | action=commit
2025-09-08 07:13:00 | INFO | repo=pv243-a4m36jee-2016-infinispan-seminar-autumn | action=commit
2025-03-18 07:07:00 | WARN | repo=pv243-a4m36jee-2016-infinispan-seminar-autumn | action=commit
2025-09-20 21:29:00 | WARN | repo=pv243-a4m36jee-2016-infinispan-seminar-autumn | action=commit
2025-12-04 20:40:00 | INFO | repo=pv243-a4m36jee-2016-infinispan-seminar-autumn | action=commit
2025-08-07 17:13:00 | WARN | repo=pv243-a4m36jee-2016-infinispan-seminar-autumn | action=commit
2025-01-08 20:37:00 | WARN | repo=pv243-a4m36jee-2016-infinispan-seminar-autumn | action=edit | files=1
2025-10-05 14:05:00 | WARN | repo=pv243-a4m36jee-2016-infinispan-seminar-autumn | action=commit
2025-08-22 21:39:00 | INFO | repo=pv243-a4m36jee-2016-infinispan-seminar-autumn | action=commit
2025-01-28 11:50:00 | INFO | repo=pv243-a4m36jee-2016-infinispan-seminar-autumn | action=commit
2025-03-14 21:08:00 | INFO | repo=pv243-a4m36jee-2016-infinispan-seminar-autumn | action=edit | files=4
2025-11-04 08:38:00 | INFO | repo=pv243-a4m36jee-2016-infinispan-seminar-autumn | action=commit
2025-01-28 18:54:00 | INFO | repo=pv243-a4m36jee-2016-infinispan-seminar-autumn | action=commit
2025-01-01 09:21:00 | WARN | repo=pv243-a4m36jee-2016-infinispan-seminar-autumn | action=pull
2025-11-05 07:18:00 | INFO | repo=pv243-a4m36jee-2016-infinispan-seminar-autumn | action=commit
2025-04-19 07:48:00 | WARN | repo=pv243-a4m36jee-2016-infinispan-seminar-autumn | action=commit
2025-06-15 15:13:00 | INFO | repo=pv243-a4m36jee-2016-infinispan-seminar-autumn | action=pull
2025-12-04 07:19:00 | INFO | repo=pv243-a4m36jee-2016-infinispan-seminar-autumn | action=commit
2025-09-23 14:16:00 | DEBUG | repo=pv243-a4m36jee-2016-infinispan-seminar-autumn | action=pull
2025-11-19 17:29:00 | WARN | repo=pv243-a4m36jee-2016-infinispan-seminar-autumn | action=pull
2025-06-13 11:28:00 | WARN | repo=pv243-a4m36jee-2016-infinispan-seminar-autumn | action=pull
2025-12-21 19:11:00 | INFO | repo=pv243-a4m36jee-2016-infinispan-seminar-autumn | action=edit | files=3
2025-05-12 21:45:00 | DEBUG | repo=pv243-a4m36jee-2016-infinispan-seminar-autumn | action=commit
2025-09-17 07:20:00 | WARN | repo=pv243-a4m36jee-2016-infinispan-seminar-autumn | action=commit
2025-12-25 08:51:00 | WARN | repo=pv243-a4m36jee-2016-infinispan-seminar-autumn | action=commit
2025-12-14 17:06:00 | DEBUG | repo=pv243-a4m36jee-2016-infinispan-seminar-autumn | action=commit
2025-07-18 20:04:00 | INFO | repo=pv243-a4m36jee-2016-infinispan-seminar-autumn | action=commit
